// Jest Snapshot v1, https://goo.gl/fbAQLP

exports[`Field Test Correctly rendered 1`] = `
<div
  className="field field-light"
  onClick={[Function]}
/>
`;
