// Jest Snapshot v1, https://goo.gl/fbAQLP

exports[`Dark Test Correctly rendered 1`] = `
<div
  className="man"
>
  <svg
    height={70}
    viewBox="0 0 80 80"
    width={70}
  >
    <circle
      cx="40"
      cy="40"
      fill="white"
      r="30"
      stroke="black"
      strokeWidth="20"
    />
  </svg>
</div>
`;
